[    0.000000] Initializing cgroup subsys cpuset
[    0.000000] Initializing cgroup subsys cpu
[    0.000000] Linux version 3.2.0-4-amd64 (debian-kernel@lists.debian.org) (gcc version 4.6.3 (Debian 4.6.3-14) ) #2 SMP Debian 3.2.46-1
[    0.000000] Command line: BOOT_IMAGE=/boot/vmlinuz-3.2.0-4-amd64 root=UUID=286b7db8-7134-43bd-86ee-8ed77b25069b ro quiet
[    0.000000] BIOS-provided physical RAM map:
[    0.000000]  BIOS-e820: 0000000000000000 - 000000000009fc00 (usable)
[    0.000000]  BIOS-e820: 000000000009fc00 - 00000000000a0000 (reserved)
[    0.000000]  BIOS-e820: 00000000000f0000 - 0000000000100000 (reserved)
[    0.000000]  BIOS-e820: 0000000000100000 - 000000007fffe000 (usable)
[    0.000000]  BIOS-e820: 000000007fffe000 - 0000000080000000 (reserved)
[    0.000000]  BIOS-e820: 00000000feffc000 - 00000000ff000000 (reserved)
[    0.000000]  BIOS-e820: 00000000fffc0000 - 0000000100000000 (reserved)
[    0.000000] NX (Execute Disable) protection: active
[    0.000000] SMBIOS 2.4 present.
[    0.000000] DMI: Bochs Bochs, BIOS Bochs 01/01/2011
[    0.000000] e820 update range: 0000000000000000 - 0000000000010000 (usable) ==> (reserved)
[    0.000000] e820 remove range: 00000000000a0000 - 0000000000100000 (usable)
[    0.000000] No AGP bridge found
[    0.000000] last_pfn = 0x7fffe max_arch_pfn = 0x400000000
[    0.000000] MTRR default type: write-back
[    0.000000] MTRR fixed ranges enabled:
[    0.000000]   00000-9FFFF write-back
[    0.000000]   A0000-BFFFF uncachable
[    0.000000]   C0000-FFFFF write-protect
[    0.000000] MTRR variable ranges enabled:
[    0.000000]   0 base 00E0000000 mask FFE0000000 uncachable
[    0.000000]   1 disabled
[    0.000000]   2 disabled
[    0.000000]   3 disabled
[    0.000000]   4 disabled
[    0.000000]   5 disabled
[    0.000000]   6 disabled
[    0.000000]   7 disabled
[    0.000000] PAT not supported by CPU.
[    0.000000] found SMP MP-table at [ffff8800000fda90] fda90
[    0.000000] initial memory mapped : 0 - 20000000
[    0.000000] Base memory trampoline at [ffff88000009a000] 9a000 size 20480
[    0.000000] init_memory_mapping: 0000000000000000-000000007fffe000
[    0.000000]  0000000000 - 007fe00000 page 2M
[    0.000000]  007fe00000 - 007fffe000 page 4k
[    0.000000] kernel direct mapping tables up to 7fffe000 @ 1fffc000-20000000
[    0.000000] RAMDISK: 36bfc000 - 375f6000
[    0.000000] ACPI: RSDP 00000000000fd8b0 00014 (v00 BOCHS )
[    0.000000] ACPI: RSDT 000000007fffe2f0 00038 (v01 BOCHS  BXPCRSDT 00000001 BXPC 00000001)
[    0.000000] ACPI: FACP 000000007fffff80 00074 (v01 BOCHS  BXPCFACP 00000001 BXPC 00000001)
[    0.000000] ACPI: DSDT 000000007fffe330 0124A (v01   BXPC   BXDSDT 00000001 INTL 20100528)
[    0.000000] ACPI: FACS 000000007fffff40 00040
[    0.000000] ACPI: SSDT 000000007ffffd60 001D2 (v01 BOCHS  BXPCSSDT 00000001 BXPC 00000001)
[    0.000000] ACPI: APIC 000000007ffffc30 00090 (v01 BOCHS  BXPCAPIC 00000001 BXPC 00000001)
[    0.000000] ACPI: HPET 000000007ffffbf0 00038 (v01 BOCHS  BXPCHPET 00000001 BXPC 00000001)
[    0.000000] ACPI: SSDT 000000007ffff580 0066E (v01   BXPC BXSSDTPC 00000001 INTL 20100528)
[    0.000000] ACPI: Local APIC address 0xfee00000
[    0.000000] No NUMA configuration found
[    0.000000] Faking a node at 0000000000000000-000000007fffe000
[    0.000000] Initmem setup node 0 0000000000000000-000000007fffe000
[    0.000000]   NODE_DATA [000000007fff9000 - 000000007fffdfff]
[    0.000000] kvm-clock: Using msrs 4b564d01 and 4b564d00
[    0.000000] kvm-clock: cpu 0, msr 0:16a9701, boot clock
[    0.000000]  [ffffea0000000000-ffffea0001bfffff] PMD -> [ffff88007d600000-ffff88007f1fffff] on node 0
[    0.000000] Zone PFN ranges:
[    0.000000]   DMA      0x00000010 -> 0x00001000
[    0.000000]   DMA32    0x00001000 -> 0x00100000
[    0.000000]   Normal   empty
[    0.000000] Movable zone start PFN for each node
[    0.000000] early_node_map[2] active PFN ranges
[    0.000000]     0: 0x00000010 -> 0x0000009f
[    0.000000]     0: 0x00000100 -> 0x0007fffe
[    0.000000] On node 0 totalpages: 524173
[    0.000000]   DMA zone: 56 pages used for memmap
[    0.000000]   DMA zone: 5 pages reserved
[    0.000000]   DMA zone: 3922 pages, LIFO batch:0
[    0.000000]   DMA32 zone: 7112 pages used for memmap
[    0.000000]   DMA32 zone: 513078 pages, LIFO batch:31
[    0.000000] ACPI: PM-Timer IO Port: 0xb008
[    0.000000] ACPI: Local APIC address 0xfee00000
[    0.000000] ACPI: LAPIC (acpi_id[0x00] lapic_id[0x00] enabled)
[    0.000000] ACPI: LAPIC (acpi_id[0x01] lapic_id[0x01] enabled)
[    0.000000] ACPI: LAPIC (acpi_id[0x02] lapic_id[0x02] enabled)
[    0.000000] ACPI: LAPIC (acpi_id[0x03] lapic_id[0x03] enabled)
[    0.000000] ACPI: LAPIC_NMI (acpi_id[0xff] dfl dfl lint[0x1])
[    0.000000] ACPI: IOAPIC (id[0x00] address[0xfec00000] gsi_base[0])
[    0.000000] IOAPIC[0]: apic_id 0, version 17, address 0xfec00000, GSI 0-23
[    0.000000] ACPI: INT_SRC_OVR (bus 0 bus_irq 0 global_irq 2 dfl dfl)
[    0.000000] ACPI: INT_SRC_OVR (bus 0 bus_irq 5 global_irq 5 high level)
[    0.000000] ACPI: INT_SRC_OVR (bus 0 bus_irq 9 global_irq 9 high level)
[    0.000000] ACPI: INT_SRC_OVR (bus 0 bus_irq 10 global_irq 10 high level)
[    0.000000] ACPI: INT_SRC_OVR (bus 0 bus_irq 11 global_irq 11 high level)
[    0.000000] ACPI: IRQ0 used by override.
[    0.000000] ACPI: IRQ2 used by override.
[    0.000000] ACPI: IRQ5 used by override.
[    0.000000] ACPI: IRQ9 used by override.
[    0.000000] ACPI: IRQ10 used by override.
[    0.000000] ACPI: IRQ11 used by override.
[    0.000000] Using ACPI (MADT) for SMP configuration information
[    0.000000] ACPI: HPET id: 0x8086a201 base: 0xfed00000
[    0.000000] SMP: Allowing 4 CPUs, 0 hotplug CPUs
[    0.000000] nr_irqs_gsi: 40
[    0.000000] PM: Registered nosave memory: 000000000009f000 - 00000000000a0000
[    0.000000] PM: Registered nosave memory: 00000000000a0000 - 00000000000f0000
[    0.000000] PM: Registered nosave memory: 00000000000f0000 - 0000000000100000
[    0.000000] Allocating PCI resources starting at 80000000 (gap: 80000000:7effc000)
[    0.000000] Booting paravirtualized kernel on KVM
[    0.000000] setup_percpu: NR_CPUS:512 nr_cpumask_bits:512 nr_cpu_ids:4 nr_node_ids:1
[    0.000000] PERCPU: Embedded 28 pages/cpu @ffff88007fc00000 s82944 r8192 d23552 u524288
[    0.000000] pcpu-alloc: s82944 r8192 d23552 u524288 alloc=1*2097152
[    0.000000] pcpu-alloc: [0] 0 1 2 3 
[    0.000000] kvm-clock: cpu 0, msr 0:7fc13701, primary cpu clock
[    0.000000] KVM setup async PF for cpu 0
[    0.000000] kvm-stealtime: cpu 0, msr 7fc0dfc0
[    0.000000] Built 1 zonelists in Node order, mobility grouping on.  Total pages: 517000
[    0.000000] Policy zone: DMA32
[    0.000000] Kernel command line: BOOT_IMAGE=/boot/vmlinuz-3.2.0-4-amd64 root=UUID=286b7db8-7134-43bd-86ee-8ed77b25069b ro quiet
[    0.000000] PID hash table entries: 4096 (order: 3, 32768 bytes)
[    0.000000] Checking aperture...
[    0.000000] No AGP bridge found
[    0.000000] Calgary: detecting Calgary via BIOS EBDA area
[    0.000000] Calgary: Unable to locate Rio Grande table in EBDA - bailing!
[    0.000000] Memory: 2048832k/2097144k available (3425k kernel code, 452k absent, 47860k reserved, 3313k data, 576k init)
[    0.000000] Hierarchical RCU implementation.
[    0.000000] 	RCU dyntick-idle grace-period acceleration is enabled.
[    0.000000] NR_IRQS:33024 nr_irqs:712 16
[    0.000000] Console: colour VGA+ 80x25
[    0.000000] console [tty0] enabled
[    0.000000] hpet clockevent registered
[    0.000000] Detected 2394.230 MHz processor.
[    0.008000] Calibrating delay loop (skipped) preset value.. 4788.46 BogoMIPS (lpj=9576920)
[    0.008000] pid_max: default: 32768 minimum: 301
[    0.008000] Security Framework initialized
[    0.008000] AppArmor: AppArmor disabled by boot time parameter
[    0.008000] Dentry cache hash table entries: 262144 (order: 9, 2097152 bytes)
[    0.008000] Inode-cache hash table entries: 131072 (order: 8, 1048576 bytes)
[    0.008000] Mount-cache hash table entries: 256
[    0.008000] Initializing cgroup subsys cpuacct
[    0.008000] Initializing cgroup subsys memory
[    0.008000] Initializing cgroup subsys devices
[    0.008000] Initializing cgroup subsys freezer
[    0.008000] Initializing cgroup subsys net_cls
[    0.008000] Initializing cgroup subsys blkio
[    0.008000] Initializing cgroup subsys perf_event
[    0.008000] mce: CPU supports 10 MCE banks
[    0.008000] ACPI: Core revision 20110623
[    0.008735] ..TIMER: vector=0x30 apic1=0 pin1=2 apic2=-1 pin2=-1
[    0.008737] CPU0: Intel QEMU Virtual CPU version 1.2.2 stepping 03
[    0.012000] Performance Events: unsupported p6 CPU model 2 no PMU driver, software events only.
[    0.012000] NMI watchdog disabled (cpu0): hardware events not enabled
[    0.012000] Booting Node   0, Processors  #1
[    0.012000] smpboot cpu 1: start_ip = 9a000
[    0.024004] kvm-clock: cpu 1, msr 0:7fc93701, secondary cpu clock
[    0.024033] KVM setup async PF for cpu 1
[    0.024033] kvm-stealtime: cpu 1, msr 7fc8dfc0
[    0.024042] NMI watchdog disabled (cpu1): hardware events not enabled
[    0.024137]  #2
[    0.024139] smpboot cpu 2: start_ip = 9a000
[    0.044005] kvm-clock: cpu 2, msr 0:7fd13701, secondary cpu clock
[    0.044035] NMI watchdog disabled (cpu2): hardware events not enabled
[    0.044049] KVM setup async PF for cpu 2
[    0.044049] kvm-stealtime: cpu 2, msr 7fd0dfc0
[    0.044376]  #3 Ok.
[    0.044377] smpboot cpu 3: start_ip = 9a000
[    0.064006] kvm-clock: cpu 3, msr 0:7fd93701, secondary cpu clock
[    0.064044] NMI watchdog disabled (cpu3): hardware events not enabled
[    0.064033] KVM setup async PF for cpu 3
[    0.064033] kvm-stealtime: cpu 3, msr 7fd8dfc0
[    0.064068] Brought up 4 CPUs
[    0.064070] Total of 4 processors activated (19153.84 BogoMIPS).
[    0.064574] devtmpfs: initialized
[    0.070661] print_constraints: dummy: 
[    0.070661] NET: Registered protocol family 16
[    0.070661] ACPI: bus type pci registered
[    0.070661] PCI: Using configuration type 1 for base access
[    0.072392] bio: create slab <bio-0> at 0
[    0.072538] ACPI: Added _OSI(Module Device)
[    0.072538] ACPI: Added _OSI(Processor Device)
[    0.072538] ACPI: Added _OSI(3.0 _SCP Extensions)
[    0.072538] ACPI: Added _OSI(Processor Aggregator Device)
[    0.072653] ACPI: EC: Look up EC in DSDT
[    0.074698] ACPI: Interpreter enabled
[    0.074702] ACPI: (supports S0 S3 S4 S5)
[    0.074719] ACPI: Using IOAPIC for interrupt routing
[    0.078515] ACPI: No dock devices found.
[    0.078518] HEST: Table not found.
[    0.078521] PCI: Using host bridge windows from ACPI; if necessary, use "pci=nocrs" and report a bug
[    0.078612] ACPI: PCI Root Bridge [PCI0] (domain 0000 [bus 00-ff])
[    0.078782] pci_root PNP0A03:00: host bridge window [io  0x0000-0x0cf7]
[    0.078784] pci_root PNP0A03:00: host bridge window [io  0x0d00-0xffff]
[    0.078786] pci_root PNP0A03:00: host bridge window [mem 0x000a0000-0x000bffff]
[    0.078788] pci_root PNP0A03:00: host bridge window [mem 0x80000000-0xfebfffff]
[    0.078840] pci 0000:00:00.0: [8086:1237] type 0 class 0x000600
[    0.079166] pci 0000:00:01.0: [8086:7000] type 0 class 0x000601
[    0.079644] pci 0000:00:01.1: [8086:7010] type 0 class 0x000101
[    0.081840] pci 0000:00:01.1: reg 20: [io  0xc0e0-0xc0ef]
[    0.082872] pci 0000:00:01.2: [8086:7020] type 0 class 0x000c03
[    0.085206] pci 0000:00:01.2: reg 20: [io  0xc040-0xc05f]
[    0.086231] pci 0000:00:01.3: [8086:7113] type 0 class 0x000680
[    0.086670] pci 0000:00:01.3: quirk: [io  0xb000-0xb03f] claimed by PIIX4 ACPI
[    0.086682] pci 0000:00:01.3: quirk: [io  0xb100-0xb10f] claimed by PIIX4 SMB
[    0.086845] pci 0000:00:02.0: [1b36:0100] type 0 class 0x000300
[    0.089065] pci 0000:00:02.0: reg 10: [mem 0xf4000000-0xf7ffffff]
[    0.091122] pci 0000:00:02.0: reg 14: [mem 0xf8000000-0xfbffffff]
[    0.093041] pci 0000:00:02.0: reg 18: [mem 0xfc020000-0xfc023fff]
[    0.095112] pci 0000:00:02.0: reg 1c: [io  0xc060-0xc07f]
[    0.101083] pci 0000:00:02.0: reg 30: [mem 0xfc000000-0xfc00ffff pref]
[    0.101234] pci 0000:00:03.0: [1af4:1000] type 0 class 0x000200
[    0.102139] pci 0000:00:03.0: reg 10: [io  0xc080-0xc09f]
[    0.102972] pci 0000:00:03.0: reg 14: [mem 0xfc028000-0xfc028fff]
[    0.107354] pci 0000:00:03.0: reg 30: [mem 0xfc010000-0xfc01ffff pref]
[    0.108009] pci 0000:00:04.0: [8086:2668] type 0 class 0x000403
[    0.108511] pci 0000:00:04.0: reg 10: [mem 0xfc024000-0xfc027fff]
[    0.111527] pci 0000:00:05.0: [1af4:1003] type 0 class 0x000780
[    0.112425] pci 0000:00:05.0: reg 10: [io  0xc0a0-0xc0bf]
[    0.113262] pci 0000:00:05.0: reg 14: [mem 0xfc029000-0xfc029fff]
[    0.117578] pci 0000:00:06.0: [1af4:1001] type 0 class 0x000100
[    0.118477] pci 0000:00:06.0: reg 10: [io  0xc000-0xc03f]
[    0.119320] pci 0000:00:06.0: reg 14: [mem 0xfc02a000-0xfc02afff]
[    0.124056] pci 0000:00:07.0: [1af4:1002] type 0 class 0x0000ff
[    0.124536] pci 0000:00:07.0: reg 10: [io  0xc0c0-0xc0df]
[    0.127574] ACPI: PCI Interrupt Routing Table [\_SB_.PCI0._PRT]
[    0.128087]  pci0000:00: Unable to request _OSC control (_OSC support mask: 0x1e)
[    0.131861] ACPI: PCI Interrupt Link [LNKA] (IRQs 5 *10 11)
[    0.131961] ACPI: PCI Interrupt Link [LNKB] (IRQs 5 *10 11)
[    0.132057] ACPI: PCI Interrupt Link [LNKC] (IRQs 5 10 *11)
[    0.132140] ACPI: PCI Interrupt Link [LNKD] (IRQs 5 10 *11)
[    0.132219] ACPI: PCI Interrupt Link [LNKS] (IRQs 9) *0
[    0.132409] vgaarb: device added: PCI:0000:00:02.0,decodes=io+mem,owns=io+mem,locks=none
[    0.132409] vgaarb: loaded
[    0.132409] vgaarb: bridge control possible 0000:00:02.0
[    0.132409] PCI: Using ACPI for IRQ routing
[    0.132409] PCI: pci_cache_line_size set to 64 bytes
[    0.132409] reserve RAM buffer: 000000000009fc00 - 000000000009ffff 
[    0.132409] reserve RAM buffer: 000000007fffe000 - 000000007fffffff 
[    0.132443] HPET: 3 timers in total, 0 timers will be used for per-cpu timer
[    0.132463] hpet0: at MMIO 0xfed00000, IRQs 2, 8, 0
[    0.132467] hpet0: 3 comparators, 64-bit 100.000000 MHz counter
[    0.150501] Switching to clocksource kvm-clock
[    0.150501] pnp: PnP ACPI init
[    0.150501] ACPI: bus type pnp registered
[    0.150501] pnp 00:00: [bus 00-ff]
[    0.150501] pnp 00:00: [io  0x0cf8-0x0cff]
[    0.150501] pnp 00:00: [io  0x0000-0x0cf7 window]
[    0.150501] pnp 00:00: [io  0x0d00-0xffff window]
[    0.150501] pnp 00:00: [mem 0x000a0000-0x000bffff window]
[    0.150501] pnp 00:00: [mem 0x80000000-0xfebfffff window]
[    0.150501] pnp 00:00: Plug and Play ACPI device, IDs PNP0a03 (active)
[    0.150501] pnp 00:01: [io  0x0070-0x0071]
[    0.150501] pnp 00:01: [irq 8]
[    0.150501] pnp 00:01: [io  0x0072-0x0077]
[    0.150501] pnp 00:01: Plug and Play ACPI device, IDs PNP0b00 (active)
[    0.150501] pnp 00:02: [io  0x0060]
[    0.150501] pnp 00:02: [io  0x0064]
[    0.150501] pnp 00:02: [irq 1]
[    0.150501] pnp 00:02: Plug and Play ACPI device, IDs PNP0303 (active)
[    0.150501] pnp 00:03: [irq 12]
[    0.150522] pnp 00:03: Plug and Play ACPI device, IDs PNP0f13 (active)
[    0.150569] pnp 00:04: [io  0x03f2-0x03f5]
[    0.150572] pnp 00:04: [io  0x03f7]
[    0.150604] pnp 00:04: [irq 6]
[    0.150608] pnp 00:04: [dma 2]
[    0.150648] pnp 00:04: Plug and Play ACPI device, IDs PNP0700 (active)
[    0.150827] pnp 00:05: [io  0x03f8-0x03ff]
[    0.150875] pnp 00:05: [irq 4]
[    0.150923] pnp 00:05: Plug and Play ACPI device, IDs PNP0501 (active)
[    0.151194] pnp 00:06: [mem 0xfed00000-0xfed003ff]
[    0.151253] pnp 00:06: Plug and Play ACPI device, IDs PNP0103 (active)
[    0.151543] pnp: PnP ACPI: found 7 devices
[    0.151547] ACPI: ACPI bus type pnp unregistered
[    0.163783] PCI: max bus depth: 0 pci_try_num: 1
[    0.163789] pci_bus 0000:00: resource 4 [io  0x0000-0x0cf7]
[    0.163791] pci_bus 0000:00: resource 5 [io  0x0d00-0xffff]
[    0.163793] pci_bus 0000:00: resource 6 [mem 0x000a0000-0x000bffff]
[    0.163795] pci_bus 0000:00: resource 7 [mem 0x80000000-0xfebfffff]
[    0.164182] NET: Registered protocol family 2
[    0.164322] arpseck: relay opened in arp_init()
[    0.164326] arpseck: netlink socket opened in arp_init()
[    0.164422] IP route cache hash table entries: 65536 (order: 7, 524288 bytes)
[    0.165772] TCP established hash table entries: 262144 (order: 10, 4194304 bytes)
[    0.166715] TCP bind hash table entries: 65536 (order: 8, 1048576 bytes)
[    0.166841] TCP: Hash tables configured (established 262144 bind 65536)
[    0.166843] TCP reno registered
[    0.166849] UDP hash table entries: 1024 (order: 3, 32768 bytes)
[    0.166860] UDP-Lite hash table entries: 1024 (order: 3, 32768 bytes)
[    0.167064] NET: Registered protocol family 1
[    0.167075] pci 0000:00:00.0: Limiting direct PCI/PCI transfers
[    0.167104] pci 0000:00:01.0: PIIX3: Enabling Passive Release
[    0.167130] pci 0000:00:01.0: Activating ISA DMA hang workarounds
[    0.167311] ACPI: PCI Interrupt Link [LNKD] enabled at IRQ 11
[    0.167447] pci 0000:00:02.0: Boot video device
[    0.167510] PCI: CLS 0 bytes, default 64
[    0.167553] Unpacking initramfs...
[    0.378879] Freeing initrd memory: 10216k freed
[    0.381750] audit: initializing netlink socket (disabled)
[    0.381765] type=2000 audit(1376502090.380:1): initialized
[    0.395433] HugeTLB registered 2 MB page size, pre-allocated 0 pages
[    0.396353] VFS: Disk quotas dquot_6.5.2
[    0.396397] Dquot-cache hash table entries: 512 (order 0, 4096 bytes)
[    0.396482] msgmni has been set to 4021
[    0.396792] alg: No test for stdrng (krng)
[    0.396877] Block layer SCSI generic (bsg) driver version 0.4 loaded (major 253)
[    0.396881] io scheduler noop registered
[    0.396882] io scheduler deadline registered
[    0.396961] io scheduler cfq registered (default)
[    0.397054] pci_hotplug: PCI Hot Plug PCI Core version: 0.5
[    0.397073] pciehp: PCI Express Hot Plug Controller Driver version: 0.4
[    0.397075] acpiphp: ACPI Hot Plug PCI Controller Driver version: 0.5
[    0.397152] acpiphp: Slot [3] registered
[    0.397169] acpiphp: Slot [4] registered
[    0.397187] acpiphp: Slot [5] registered
[    0.397203] acpiphp: Slot [6] registered
[    0.397219] acpiphp: Slot [7] registered
[    0.397235] acpiphp: Slot [8] registered
[    0.397253] acpiphp: Slot [9] registered
[    0.397269] acpiphp: Slot [10] registered
[    0.397286] acpiphp: Slot [11] registered
[    0.397301] acpiphp: Slot [12] registered
[    0.397317] acpiphp: Slot [13] registered
[    0.397334] acpiphp: Slot [14] registered
[    0.397349] acpiphp: Slot [15] registered
[    0.397365] acpiphp: Slot [16] registered
[    0.397382] acpiphp: Slot [17] registered
[    0.397398] acpiphp: Slot [18] registered
[    0.397414] acpiphp: Slot [19] registered
[    0.397431] acpiphp: Slot [20] registered
[    0.397447] acpiphp: Slot [21] registered
[    0.397463] acpiphp: Slot [22] registered
[    0.397481] acpiphp: Slot [23] registered
[    0.397497] acpiphp: Slot [24] registered
[    0.397513] acpiphp: Slot [25] registered
[    0.397530] acpiphp: Slot [26] registered
[    0.397546] acpiphp: Slot [27] registered
[    0.397562] acpiphp: Slot [28] registered
[    0.397579] acpiphp: Slot [29] registered
[    0.397597] acpiphp: Slot [30] registered
[    0.397613] acpiphp: Slot [31] registered
[    0.397747] intel_idle: does not run on family 6 model 2
[    0.397762] ERST: Table is not found!
[    0.397764] GHES: HEST is not enabled!
[    0.397857] Serial: 8250/16550 driver, 4 ports, IRQ sharing enabled
[    0.419499] serial8250: ttyS0 at I/O 0x3f8 (irq = 4) is a 16550A
[    0.518176] 00:05: ttyS0 at I/O 0x3f8 (irq = 4) is a 16550A
[    0.518520] Linux agpgart interface v0.103
[    0.518686] i8042: PNP: PS/2 Controller [PNP0303:KBD,PNP0f13:MOU] at 0x60,0x64 irq 1,12
[    0.519431] serio: i8042 KBD port at 0x60,0x64 irq 1
[    0.519439] serio: i8042 AUX port at 0x60,0x64 irq 12
[    0.519553] mousedev: PS/2 mouse device common for all mice
[    0.519691] rtc_cmos 00:01: RTC can wake from S4
[    0.520134] rtc_cmos 00:01: rtc core: registered rtc_cmos as rtc0
[    0.520272] input: AT Translated Set 2 keyboard as /devices/platform/i8042/serio0/input/input0
[    0.520492] rtc0: alarms up to one day, 114 bytes nvram, hpet irqs
[    0.520503] cpuidle: using governor ladder
[    0.520504] cpuidle: using governor menu
[    0.520710] TCP cubic registered
[    0.521084] NET: Registered protocol family 10
[    0.521579] Mobile IPv6
[    0.521582] NET: Registered protocol family 17
[    0.521586] Registering the dns_resolver key type
[    0.521675] PM: Hibernation image not present or could not be loaded.
[    0.521685] registered taskstats version 1
[    0.522210] rtc_cmos 00:01: setting system clock to 2013-08-14 17:41:29 UTC (1376502089)
[    0.522240] Initializing network drop monitor service
[    0.523268] Freeing unused kernel memory: 576k freed
[    0.523341] Write protecting the kernel read-only data: 6144k
[    0.525583] Freeing unused kernel memory: 652k freed
[    0.527850] Freeing unused kernel memory: 696k freed
[    0.549025] udevd[58]: starting version 175
[    0.560678] SCSI subsystem initialized
[    0.562458] ACPI: PCI Interrupt Link [LNKC] enabled at IRQ 10
[    0.562522] virtio-pci 0000:00:03.0: setting latency timer to 64
[    0.563048] ACPI: PCI Interrupt Link [LNKA] enabled at IRQ 10
[    0.563081] virtio-pci 0000:00:05.0: setting latency timer to 64
[    0.563967] ACPI: PCI Interrupt Link [LNKB] enabled at IRQ 11
[    0.564001] virtio-pci 0000:00:06.0: setting latency timer to 64
[    0.564427] virtio-pci 0000:00:07.0: setting latency timer to 64
[    0.568929] libata version 3.00 loaded.
[    0.569351] ata_piix 0000:00:01.1: version 2.13
[    0.569463] ata_piix 0000:00:01.1: setting latency timer to 64
[    0.571231] scsi0 : ata_piix
[    0.571993] scsi1 : ata_piix
[    0.572160] ata1: PATA max MWDMA2 cmd 0x1f0 ctl 0x3f6 bmdma 0xc0e0 irq 14
[    0.572163] ata2: PATA max MWDMA2 cmd 0x170 ctl 0x376 bmdma 0xc0e8 irq 15
[    0.583338] virtio-pci 0000:00:03.0: irq 40 for MSI/MSI-X
[    0.583361] virtio-pci 0000:00:03.0: irq 41 for MSI/MSI-X
[    0.583381] virtio-pci 0000:00:03.0: irq 42 for MSI/MSI-X
[    0.603194] virtio-pci 0000:00:06.0: irq 43 for MSI/MSI-X
[    0.603216] virtio-pci 0000:00:06.0: irq 44 for MSI/MSI-X
[    0.604541]  vda: vda1 vda2 < vda5 >
[    0.605323] FDC 0 is a S82078B
[    0.728601] ata2.01: NODEV after polling detection
[    0.728902] ata2.00: ATAPI: QEMU DVD-ROM, 1.2.2, max UDMA/100
[    0.729378] ata2.00: configured for MWDMA2
[    0.730133] scsi 1:0:0:0: CD-ROM            QEMU     QEMU DVD-ROM     1.2. PQ: 0 ANSI: 5
[    0.732705] usbcore: registered new interface driver usbfs
[    0.732726] usbcore: registered new interface driver hub
[    0.732754] usbcore: registered new device driver usb
[    0.733216] ehci_hcd: USB 2.0 'Enhanced' Host Controller (EHCI) Driver
[    0.733607] uhci_hcd: USB Universal Host Controller Interface driver
[    0.733718] uhci_hcd 0000:00:01.2: setting latency timer to 64
[    0.733728] uhci_hcd 0000:00:01.2: UHCI Host Controller
[    0.733748] uhci_hcd 0000:00:01.2: new USB bus registered, assigned bus number 1
[    0.733894] uhci_hcd 0000:00:01.2: irq 11, io base 0x0000c040
[    0.733955] usb usb1: New USB device found, idVendor=1d6b, idProduct=0001
[    0.733958] usb usb1: New USB device strings: Mfr=3, Product=2, SerialNumber=1
[    0.733959] usb usb1: Product: UHCI Host Controller
[    0.733961] usb usb1: Manufacturer: Linux 3.2.0-4-amd64 uhci_hcd
[    0.733963] usb usb1: SerialNumber: 0000:00:01.2
[    0.734121] hub 1-0:1.0: USB hub found
[    0.734124] hub 1-0:1.0: 2 ports detected
[    0.736105] sr0: scsi3-mmc drive: 4x/4x cd/rw xa/form2 tray
[    0.736108] cdrom: Uniform CD-ROM driver Revision: 3.20
[    0.736311] sr 1:0:0:0: Attached scsi CD-ROM sr0
[    0.738430] sr 1:0:0:0: Attached scsi generic sg0 type 5
[    1.044035] usb 1-1: new full-speed USB device number 2 using uhci_hcd
[    1.222108] usb 1-1: New USB device found, idVendor=0627, idProduct=0001
[    1.222112] usb 1-1: New USB device strings: Mfr=1, Product=3, SerialNumber=5
[    1.222115] usb 1-1: Product: QEMU USB Tablet
[    1.222117] usb 1-1: Manufacturer: QEMU
[    1.222119] usb 1-1: SerialNumber: 42
[    1.239272] input: QEMU QEMU USB Tablet as /devices/pci0000:00/0000:00:01.2/usb1/1-1/1-1:1.0/input/input1
[    1.239424] generic-usb 0003:0627:0001.0001: input,hidraw0: USB HID v0.01 Pointer [QEMU QEMU USB Tablet] on usb-0000:00:01.2-1/input0
[    1.239474] usbcore: registered new interface driver usbhid
[    1.239477] usbhid: USB HID core driver
[    1.380138] Refined TSC clocksource calibration: 2394.149 MHz.
[    1.496886] PM: Starting manual resume from disk
[    1.496889] PM: Hibernation image partition 254:5 present
[    1.496891] PM: Looking for hibernation image.
[    1.497064] PM: Image not found (code -22)
[    1.497067] PM: Hibernation image not present or could not be loaded.
[    1.636878] EXT4-fs (vda1): mounted filesystem with ordered data mode. Opts: (null)
[    8.735886] udevd[324]: starting version 175
[   11.405919] input: Power Button as /devices/LNXSYSTM:00/LNXPWRBN:00/input/input2
[   11.405930] ACPI: Power Button [PWRF]
[   12.958936] WARNING! power/level is deprecated; use power/control instead
[   12.970829] input: PC Speaker as /devices/platform/pcspkr/input/input3
[   13.345521] piix4_smbus 0000:00:01.3: SMBus Host Controller at 0xb100, revision 0
[   13.734162] input: ImExPS/2 Generic Explorer Mouse as /devices/platform/i8042/serio1/input/input4
[   13.831725] virtio-pci 0000:00:05.0: irq 45 for MSI/MSI-X
[   13.831755] virtio-pci 0000:00:05.0: irq 46 for MSI/MSI-X
[   15.361110] snd_hda_intel 0000:00:04.0: irq 47 for MSI/MSI-X
[   15.361355] snd_hda_intel 0000:00:04.0: setting latency timer to 64
[   21.776704] Adding 1708028k swap on /dev/vda5.  Priority:-1 extents:1 across:1708028k 
[   21.799600] EXT4-fs (vda1): re-mounted. Opts: (null)
[   22.434818] EXT4-fs (vda1): re-mounted. Opts: errors=remount-ro
[   22.719032] loop: module loaded
[   26.901786] RPC: Registered named UNIX socket transport module.
[   26.901790] RPC: Registered udp transport module.
[   26.901791] RPC: Registered tcp transport module.
[   26.901793] RPC: Registered tcp NFSv4.1 backchannel transport module.
[   27.281761] FS-Cache: Loaded
[   27.641981] FS-Cache: Netfs 'nfs' registered for caching
[   27.881386] Installing knfsd (copyright (C) 1996 okir@monad.swb.de).
[   29.776345] arpseck: relay written for msg 1 in arp_process()
[   30.776444] arpseck: relay written for msg 2 in arp_process()
[   31.523159] input: ACPI Virtual Keyboard Device as /devices/virtual/input/input5
[   31.776331] arpseck: relay written for msg 3 in arp_process()
[   33.125255] Bluetooth: Core ver 2.16
[   33.125272] NET: Registered protocol family 31
[   33.125274] Bluetooth: HCI device and connection manager initialized
[   33.125277] Bluetooth: HCI socket layer initialized
[   33.125278] Bluetooth: L2CAP socket layer initialized
[   33.125283] Bluetooth: SCO socket layer initialized
[   33.213741] Bluetooth: RFCOMM TTY layer initialized
[   33.213746] Bluetooth: RFCOMM socket layer initialized
[   33.213747] Bluetooth: RFCOMM ver 1.11
[   33.366167] Bluetooth: BNEP (Ethernet Emulation) ver 1.3
[   33.366170] Bluetooth: BNEP filters: protocol multicast
[   34.008895] lp: driver loaded but no devices found
[   34.133616] arpseck: relay written for msg 4 in arp_process()
[   34.253249] ppdev: user-space parallel port driver
[   35.132314] arpseck: relay written for msg 5 in arp_process()
[   36.136274] arpseck: relay written for msg 6 in arp_process()
[   36.944053] eth0: no IPv6 routers present
[   39.136269] arpseck: relay written for msg 7 in arp_process()
[   40.136207] arpseck: relay written for msg 8 in arp_process()
[   40.274931] hda-intel: Invalid position buffer, using LPIB read method instead.
[   41.136169] arpseck: relay written for msg 9 in arp_process()
[   41.535837] hda-intel: IRQ timing workaround is activated for card #0. Suggest a bigger bdl_pos_adj.
[   44.251346] arpseck: relay written for msg 10 in arp_process()
[   45.248309] arpseck: relay written for msg 11 in arp_process()
[   46.248351] arpseck: relay written for msg 12 in arp_process()
[   49.256523] arpseck: relay written for msg 13 in arp_process()
[   50.256308] arpseck: relay written for msg 14 in arp_process()
[   51.256293] arpseck: relay written for msg 15 in arp_process()
[   54.292367] arpseck: relay written for msg 16 in arp_process()
[   55.292284] arpseck: relay written for msg 17 in arp_process()
[   56.292321] arpseck: relay written for msg 18 in arp_process()
[   59.297632] arpseck: relay written for msg 19 in arp_process()
[   60.296286] arpseck: relay written for msg 20 in arp_process()
[   61.296308] arpseck: relay written for msg 21 in arp_process()
[   64.337341] arpseck: relay written for msg 22 in arp_process()
[   65.336267] arpseck: relay written for msg 23 in arp_process()
[   66.336230] arpseck: relay written for msg 24 in arp_process()
[   69.342584] arpseck: relay written for msg 25 in arp_process()
[   70.340277] arpseck: relay written for msg 26 in arp_process()
[   71.340222] arpseck: relay written for msg 27 in arp_process()
[  341.733596] arpseck: relay written for msg 28 in arp_process()
[  342.732239] arpseck: relay written for msg 29 in arp_process()
[  343.732239] arpseck: relay written for msg 30 in arp_process()
[  346.738644] arpseck: relay written for msg 31 in arp_process()
[  347.736229] arpseck: relay written for msg 32 in arp_process()
[  348.736234] arpseck: relay written for msg 33 in arp_process()
[ 1627.813599] arpseck: relay written for msg 34 in arp_process()
[ 1628.812300] arpseck: relay written for msg 35 in arp_process()
[ 1629.812346] arpseck: relay written for msg 36 in arp_process()
[ 1634.611839] arpseck: relay written for msg 37 in arp_process()
[ 1635.608290] arpseck: relay written for msg 38 in arp_process()
[ 1636.608325] arpseck: relay written for msg 39 in arp_process()
[ 1642.681177] arpseck: relay written for msg 40 in arp_process()
[ 1643.680293] arpseck: relay written for msg 41 in arp_process()
[ 1644.680280] arpseck: relay written for msg 42 in arp_process()
[ 1649.776453] arpseck: relay written for msg 43 in arp_process()
[ 1650.776302] arpseck: relay written for msg 44 in arp_process()
[ 1651.776247] arpseck: relay written for msg 45 in arp_process()
[ 1661.546926] arpseck: relay written for msg 46 in arp_process()
[ 1662.544342] arpseck: relay written for msg 47 in arp_process()
[ 1663.544354] arpseck: relay written for msg 48 in arp_process()
[ 1676.486713] arpseck: relay written for msg 49 in arp_process()
[ 1677.484279] arpseck: relay written for msg 50 in arp_process()
[ 1678.484402] arpseck: relay written for msg 51 in arp_process()
[ 1694.477766] arpseck: relay written for msg 52 in arp_process()
[ 1695.476283] arpseck: relay written for msg 53 in arp_process()
[ 1696.476365] arpseck: relay written for msg 54 in arp_process()
[ 1710.595800] arpseck: relay written for msg 55 in arp_process()
[ 1711.592317] arpseck: relay written for msg 56 in arp_process()
[ 1712.592408] arpseck: relay written for msg 57 in arp_process()
[ 1718.485044] arpseck: relay written for msg 58 in arp_process()
[ 1719.484302] arpseck: relay written for msg 59 in arp_process()
[ 1720.484279] arpseck: relay written for msg 60 in arp_process()
[ 1728.571697] arpseck: relay written for msg 61 in arp_process()
[ 1729.568276] arpseck: relay written for msg 62 in arp_process()
[ 1730.568273] arpseck: relay written for msg 63 in arp_process()
[ 1740.004035] arpseck: relay written for msg 64 in arp_process()
[ 1741.000271] arpseck: relay written for msg 65 in arp_process()
[ 1742.000411] arpseck: relay written for msg 66 in arp_process()
[ 1748.477108] arpseck: relay written for msg 67 in arp_process()
[ 1749.476361] arpseck: relay written for msg 68 in arp_process()
[ 1750.476333] arpseck: relay written for msg 69 in arp_process()
[ 1759.594252] arpseck: relay written for msg 70 in arp_process()
[ 1760.592372] arpseck: relay written for msg 71 in arp_process()
[ 1761.592380] arpseck: relay written for msg 72 in arp_process()
[ 1767.689882] arpseck: relay written for msg 73 in arp_process()
[ 1768.688345] arpseck: relay written for msg 74 in arp_process()
[ 1769.688330] arpseck: relay written for msg 75 in arp_process()
[ 1788.417523] arpseck: relay written for msg 76 in arp_process()
[ 1789.416237] arpseck: relay written for msg 77 in arp_process()
[ 1790.416290] arpseck: relay written for msg 78 in arp_process()
[ 1804.695739] arpseck: relay written for msg 79 in arp_process()
[ 1805.692361] arpseck: relay written for msg 80 in arp_process()
[ 1806.692333] arpseck: relay written for msg 81 in arp_process()
[ 1816.551005] arpseck: relay written for msg 82 in arp_process()
[ 1817.548388] arpseck: relay written for msg 83 in arp_process()
[ 1818.548334] arpseck: relay written for msg 84 in arp_process()
[ 1822.681667] arpseck: relay written for msg 85 in arp_process()
[ 1823.680304] arpseck: relay written for msg 86 in arp_process()
[ 1824.680375] arpseck: relay written for msg 87 in arp_process()
[ 1827.685645] arpseck: relay written for msg 88 in arp_process()
[ 1828.684301] arpseck: relay written for msg 89 in arp_process()
[ 1829.684264] arpseck: relay written for msg 90 in arp_process()
[ 1832.689879] arpseck: relay written for msg 91 in arp_process()
[ 1833.688269] arpseck: relay written for msg 92 in arp_process()
[ 1834.688297] arpseck: relay written for msg 93 in arp_process()
[ 1837.694040] arpseck: relay written for msg 94 in arp_process()
[ 1838.692239] arpseck: relay written for msg 95 in arp_process()
[ 1839.692263] arpseck: relay written for msg 96 in arp_process()
[ 1842.698614] arpseck: relay written for msg 97 in arp_process()
[ 1843.696233] arpseck: relay written for msg 98 in arp_process()
[ 1844.696294] arpseck: relay written for msg 99 in arp_process()
[ 1847.702706] arpseck: relay written for msg 100 in arp_process()
[ 1848.700297] arpseck: relay written for msg 101 in arp_process()
[ 1849.700242] arpseck: relay written for msg 102 in arp_process()
[ 1852.706863] arpseck: relay written for msg 103 in arp_process()
[ 1853.704241] arpseck: relay written for msg 104 in arp_process()
[ 1854.704283] arpseck: relay written for msg 105 in arp_process()
[ 1857.711056] arpseck: relay written for msg 106 in arp_process()
[ 1858.708319] arpseck: relay written for msg 107 in arp_process()
[ 1859.708269] arpseck: relay written for msg 108 in arp_process()
[ 1864.296210] arpseck: relay written for msg 109 in arp_process()
[ 1865.296291] arpseck: relay written for msg 110 in arp_process()
[ 1866.296261] arpseck: relay written for msg 111 in arp_process()
[ 1869.342900] arpseck: relay written for msg 112 in arp_process()
[ 1870.340344] arpseck: relay written for msg 113 in arp_process()
[ 1871.340381] arpseck: relay written for msg 114 in arp_process()
[ 1876.424992] arpseck: relay written for msg 115 in arp_process()
[ 1877.424265] arpseck: relay written for msg 116 in arp_process()
[ 1878.424295] arpseck: relay written for msg 117 in arp_process()
[ 1890.614395] arpseck: relay written for msg 118 in arp_process()
[ 1891.612299] arpseck: relay written for msg 119 in arp_process()
[ 1892.612368] arpseck: relay written for msg 120 in arp_process()
[ 1908.250929] arpseck: relay written for msg 121 in arp_process()
[ 1909.248306] arpseck: relay written for msg 122 in arp_process()
[ 1910.248345] arpseck: relay written for msg 123 in arp_process()
[ 1918.572228] arpseck: relay written for msg 124 in arp_process()
[ 1919.572208] arpseck: relay written for msg 125 in arp_process()
[ 1920.572239] arpseck: relay written for msg 126 in arp_process()
[ 1929.542001] arpseck: relay written for msg 127 in arp_process()
[ 1930.540312] arpseck: relay written for msg 128 in arp_process()
[ 1931.540303] arpseck: relay written for msg 129 in arp_process()
[ 1938.791779] arpseck: relay written for msg 130 in arp_process()
[ 1939.788334] arpseck: relay written for msg 131 in arp_process()
[ 1940.788365] arpseck: relay written for msg 132 in arp_process()
[ 1945.337384] arpseck: relay written for msg 133 in arp_process()
[ 1946.336423] arpseck: relay written for msg 134 in arp_process()
[ 1947.336293] arpseck: relay written for msg 135 in arp_process()
[ 1959.554774] arpseck: relay written for msg 136 in arp_process()
[ 1960.552233] arpseck: relay written for msg 137 in arp_process()
[ 1961.552250] arpseck: relay written for msg 138 in arp_process()
[ 1979.091171] arpseck: relay written for msg 139 in arp_process()
[ 1980.088342] arpseck: relay written for msg 140 in arp_process()
[ 1981.088323] arpseck: relay written for msg 141 in arp_process()
[ 1987.684327] arpseck: relay written for msg 142 in arp_process()
[ 1988.684359] arpseck: relay written for msg 143 in arp_process()
[ 1989.684307] arpseck: relay written for msg 144 in arp_process()
[ 1997.227613] arpseck: relay written for msg 145 in arp_process()
[ 1998.224281] arpseck: relay written for msg 146 in arp_process()
[ 1999.224324] arpseck: relay written for msg 147 in arp_process()
[ 2015.626142] arpseck: relay written for msg 148 in arp_process()
[ 2016.624246] arpseck: relay written for msg 149 in arp_process()
[ 2017.624271] arpseck: relay written for msg 150 in arp_process()
[ 2022.825507] arpseck: relay written for msg 151 in arp_process()
[ 2023.824310] arpseck: relay written for msg 152 in arp_process()
[ 2024.824346] arpseck: relay written for msg 153 in arp_process()
[ 2037.604223] arpseck: relay written for msg 154 in arp_process()
[ 2038.600286] arpseck: relay written for msg 155 in arp_process()
[ 2039.600322] arpseck: relay written for msg 156 in arp_process()
[ 2050.031958] arpseck: relay written for msg 157 in arp_process()
[ 2051.028439] arpseck: relay written for msg 158 in arp_process()
[ 2052.028375] arpseck: relay written for msg 159 in arp_process()
[ 2071.845719] arpseck: relay written for msg 160 in arp_process()
[ 2072.844316] arpseck: relay written for msg 161 in arp_process()
[ 2073.844316] arpseck: relay written for msg 162 in arp_process()
[ 2081.811542] arpseck: relay written for msg 163 in arp_process()
[ 2082.808349] arpseck: relay written for msg 164 in arp_process()
[ 2083.808327] arpseck: relay written for msg 165 in arp_process()
[ 2099.829980] arpseck: relay written for msg 166 in arp_process()
[ 2100.828277] arpseck: relay written for msg 167 in arp_process()
[ 2101.828434] arpseck: relay written for msg 168 in arp_process()
[ 2119.024359] arpseck: relay written for msg 169 in arp_process()
[ 2120.024379] arpseck: relay written for msg 170 in arp_process()
[ 2121.024344] arpseck: relay written for msg 171 in arp_process()
[ 2135.312570] arpseck: relay written for msg 172 in arp_process()
[ 2136.312368] arpseck: relay written for msg 173 in arp_process()
[ 2137.312287] arpseck: relay written for msg 174 in arp_process()
[ 2155.035921] arpseck: relay written for msg 175 in arp_process()
[ 2156.032336] arpseck: relay written for msg 176 in arp_process()
[ 2157.032303] arpseck: relay written for msg 177 in arp_process()
[ 2176.725445] arpseck: relay written for msg 178 in arp_process()
[ 2177.724255] arpseck: relay written for msg 179 in arp_process()
[ 2178.724328] arpseck: relay written for msg 180 in arp_process()
[ 2197.506209] arpseck: relay written for msg 181 in arp_process()
[ 2198.504292] arpseck: relay written for msg 182 in arp_process()
[ 2199.504306] arpseck: relay written for msg 183 in arp_process()
[ 2210.490943] arpseck: relay written for msg 184 in arp_process()
[ 2211.488259] arpseck: relay written for msg 185 in arp_process()
[ 2212.488288] arpseck: relay written for msg 186 in arp_process()
[ 2220.018797] arpseck: relay written for msg 187 in arp_process()
[ 2221.016142] arpseck: relay written for msg 188 in arp_process()
[ 2222.016335] arpseck: relay written for msg 189 in arp_process()
[ 2234.318013] arpseck: relay written for msg 190 in arp_process()
[ 2235.316293] arpseck: relay written for msg 191 in arp_process()
[ 2236.316304] arpseck: relay written for msg 192 in arp_process()
[ 2244.176956] arpseck: relay written for msg 193 in arp_process()
[ 2245.176276] arpseck: relay written for msg 194 in arp_process()
[ 2246.176385] arpseck: relay written for msg 195 in arp_process()
[ 2263.022398] arpseck: relay written for msg 196 in arp_process()
[ 2264.020356] arpseck: relay written for msg 197 in arp_process()
[ 2265.020295] arpseck: relay written for msg 198 in arp_process()
[ 2280.375381] arpseck: relay written for msg 199 in arp_process()
[ 2281.372348] arpseck: relay written for msg 200 in arp_process()
[ 2282.372321] arpseck: relay written for msg 201 in arp_process()
[ 2292.806297] arpseck: relay written for msg 202 in arp_process()
[ 2293.804264] arpseck: relay written for msg 203 in arp_process()
[ 2294.804171] arpseck: relay written for msg 204 in arp_process()
[ 2299.373101] arpseck: relay written for msg 205 in arp_process()
[ 2300.372281] arpseck: relay written for msg 206 in arp_process()
[ 2301.372323] arpseck: relay written for msg 207 in arp_process()
[ 2310.463818] arpseck: relay written for msg 208 in arp_process()
[ 2311.460353] arpseck: relay written for msg 209 in arp_process()
[ 2312.460372] arpseck: relay written for msg 210 in arp_process()
[ 2321.144786] arpseck: relay written for msg 211 in arp_process()
[ 2322.144399] arpseck: relay written for msg 212 in arp_process()
[ 2323.144360] arpseck: relay written for msg 213 in arp_process()
[ 2329.121096] arpseck: relay written for msg 214 in arp_process()
[ 2330.120366] arpseck: relay written for msg 215 in arp_process()
[ 2331.120283] arpseck: relay written for msg 216 in arp_process()
[ 2343.181469] arpseck: relay written for msg 217 in arp_process()
[ 2344.180268] arpseck: relay written for msg 218 in arp_process()
[ 2345.180378] arpseck: relay written for msg 219 in arp_process()
[ 2357.927715] arpseck: relay written for msg 220 in arp_process()
[ 2358.924224] arpseck: relay written for msg 221 in arp_process()
[ 2359.924367] arpseck: relay written for msg 222 in arp_process()
[ 2370.723078] arpseck: relay written for msg 223 in arp_process()
[ 2371.720382] arpseck: relay written for msg 224 in arp_process()
[ 2372.720336] arpseck: relay written for msg 225 in arp_process()
[ 2384.868853] arpseck: relay written for msg 226 in arp_process()
[ 2385.868258] arpseck: relay written for msg 227 in arp_process()
[ 2386.868293] arpseck: relay written for msg 228 in arp_process()
[ 2395.362490] arpseck: relay written for msg 229 in arp_process()
[ 2396.360393] arpseck: relay written for msg 230 in arp_process()
[ 2397.360359] arpseck: relay written for msg 231 in arp_process()
[ 2414.222536] arpseck: relay written for msg 232 in arp_process()
[ 2415.220302] arpseck: relay written for msg 233 in arp_process()
[ 2416.220420] arpseck: relay written for msg 234 in arp_process()
[ 2422.983548] arpseck: relay written for msg 235 in arp_process()
[ 2423.980339] arpseck: relay written for msg 236 in arp_process()
[ 2424.980334] arpseck: relay written for msg 237 in arp_process()
[ 2430.843067] arpseck: relay written for msg 238 in arp_process()
[ 2431.840219] arpseck: relay written for msg 239 in arp_process()
[ 2432.840312] arpseck: relay written for msg 240 in arp_process()
[ 2452.000918] arpseck: relay written for msg 241 in arp_process()
[ 2453.000228] arpseck: relay written for msg 242 in arp_process()
[ 2454.000303] arpseck: relay written for msg 243 in arp_process()
[ 2463.521704] arpseck: relay written for msg 244 in arp_process()
[ 2464.520323] arpseck: relay written for msg 245 in arp_process()
[ 2465.520264] arpseck: relay written for msg 246 in arp_process()
[ 2475.103857] arpseck: relay written for msg 247 in arp_process()
[ 2476.100338] arpseck: relay written for msg 248 in arp_process()
[ 2477.100316] arpseck: relay written for msg 249 in arp_process()
[ 2490.689964] arpseck: relay written for msg 250 in arp_process()
[ 2491.688305] arpseck: relay written for msg 251 in arp_process()
[ 2492.688339] arpseck: relay written for msg 252 in arp_process()
[ 2499.089174] arpseck: relay written for msg 253 in arp_process()
[ 2500.088366] arpseck: relay written for msg 254 in arp_process()
[ 2501.088404] arpseck: relay written for msg 255 in arp_process()
[ 2514.784286] arpseck: relay written for msg 256 in arp_process()
[ 2515.784330] arpseck: relay written for msg 257 in arp_process()
[ 2516.784358] arpseck: relay written for msg 258 in arp_process()
[ 2534.136394] arpseck: relay written for msg 259 in arp_process()
[ 2535.136316] arpseck: relay written for msg 260 in arp_process()
[ 2536.136183] arpseck: relay written for msg 261 in arp_process()
[ 2544.456877] arpseck: relay written for msg 262 in arp_process()
[ 2545.456372] arpseck: relay written for msg 263 in arp_process()
[ 2546.456325] arpseck: relay written for msg 264 in arp_process()
[ 2564.647743] arpseck: relay written for msg 265 in arp_process()
[ 2565.644319] arpseck: relay written for msg 266 in arp_process()
[ 2566.644365] arpseck: relay written for msg 267 in arp_process()
[ 2585.116593] arpseck: relay written for msg 268 in arp_process()
[ 2586.116294] arpseck: relay written for msg 269 in arp_process()
[ 2587.116292] arpseck: relay written for msg 270 in arp_process()
[ 2606.930557] arpseck: relay written for msg 271 in arp_process()
[ 2607.928369] arpseck: relay written for msg 272 in arp_process()
[ 2608.928291] arpseck: relay written for msg 273 in arp_process()
[ 2626.885880] arpseck: relay written for msg 274 in arp_process()
[ 2627.884272] arpseck: relay written for msg 275 in arp_process()
[ 2628.884296] arpseck: relay written for msg 276 in arp_process()
[ 2634.360798] arpseck: relay written for msg 277 in arp_process()
[ 2635.360301] arpseck: relay written for msg 278 in arp_process()
[ 2636.360378] arpseck: relay written for msg 279 in arp_process()
[ 2645.600965] arpseck: relay written for msg 280 in arp_process()
[ 2646.600414] arpseck: relay written for msg 281 in arp_process()
[ 2647.600324] arpseck: relay written for msg 282 in arp_process()
[ 2664.740231] arpseck: relay written for msg 283 in arp_process()
[ 2665.740292] arpseck: relay written for msg 284 in arp_process()
[ 2666.740292] arpseck: relay written for msg 285 in arp_process()
[ 2674.911227] arpseck: relay written for msg 286 in arp_process()
[ 2675.908312] arpseck: relay written for msg 287 in arp_process()
[ 2676.908431] arpseck: relay written for msg 288 in arp_process()
[ 2693.216683] arpseck: relay written for msg 289 in arp_process()
[ 2694.216259] arpseck: relay written for msg 290 in arp_process()
[ 2695.216331] arpseck: relay written for msg 291 in arp_process()
[ 2711.509662] arpseck: relay written for msg 292 in arp_process()
[ 2712.508334] arpseck: relay written for msg 293 in arp_process()
[ 2713.508348] arpseck: relay written for msg 294 in arp_process()
[ 2725.855505] arpseck: relay written for msg 295 in arp_process()
[ 2726.852286] arpseck: relay written for msg 296 in arp_process()
[ 2727.852277] arpseck: relay written for msg 297 in arp_process()
[ 2739.245035] arpseck: relay written for msg 298 in arp_process()
[ 2740.244225] arpseck: relay written for msg 299 in arp_process()
[ 2741.244323] arpseck: relay written for msg 300 in arp_process()
[ 2759.071447] arpseck: relay written for msg 301 in arp_process()
[ 2760.068336] arpseck: relay written for msg 302 in arp_process()
[ 2761.068218] arpseck: relay written for msg 303 in arp_process()
[ 2779.385803] arpseck: relay written for msg 304 in arp_process()
[ 2780.384305] arpseck: relay written for msg 305 in arp_process()
[ 2781.384223] arpseck: relay written for msg 306 in arp_process()
[ 2799.466198] arpseck: relay written for msg 307 in arp_process()
[ 2800.464300] arpseck: relay written for msg 308 in arp_process()
[ 2801.464321] arpseck: relay written for msg 309 in arp_process()
[ 2806.524550] arpseck: relay written for msg 310 in arp_process()
[ 2807.524247] arpseck: relay written for msg 311 in arp_process()
[ 2808.524335] arpseck: relay written for msg 312 in arp_process()
[ 2827.778026] arpseck: relay written for msg 313 in arp_process()
[ 2828.776292] arpseck: relay written for msg 314 in arp_process()
[ 2829.776268] arpseck: relay written for msg 315 in arp_process()
[ 2848.073006] arpseck: relay written for msg 316 in arp_process()
[ 2849.072262] arpseck: relay written for msg 317 in arp_process()
[ 2850.072260] arpseck: relay written for msg 318 in arp_process()
[ 2862.111791] arpseck: relay written for msg 319 in arp_process()
[ 2863.108324] arpseck: relay written for msg 320 in arp_process()
[ 2864.108290] arpseck: relay written for msg 321 in arp_process()
[ 2880.071441] arpseck: relay written for msg 322 in arp_process()
[ 2881.068314] arpseck: relay written for msg 323 in arp_process()
[ 2882.068337] arpseck: relay written for msg 324 in arp_process()
[ 2885.076664] arpseck: relay written for msg 325 in arp_process()
[ 2886.076244] arpseck: relay written for msg 326 in arp_process()
[ 2887.076258] arpseck: relay written for msg 327 in arp_process()
[ 2895.326541] arpseck: relay written for msg 328 in arp_process()
[ 2896.324316] arpseck: relay written for msg 329 in arp_process()
[ 2897.324216] arpseck: relay written for msg 330 in arp_process()
[ 2916.017107] arpseck: relay written for msg 331 in arp_process()
[ 2917.016314] arpseck: relay written for msg 332 in arp_process()
[ 2918.016327] arpseck: relay written for msg 333 in arp_process()
[ 2924.277362] arpseck: relay written for msg 334 in arp_process()
[ 2925.276227] arpseck: relay written for msg 335 in arp_process()
[ 2926.276286] arpseck: relay written for msg 336 in arp_process()
[ 2937.957791] arpseck: relay written for msg 337 in arp_process()
[ 2938.956336] arpseck: relay written for msg 338 in arp_process()
[ 2939.956278] arpseck: relay written for msg 339 in arp_process()
[ 2951.960025] arpseck: relay written for msg 340 in arp_process()
[ 2952.956256] arpseck: relay written for msg 341 in arp_process()
[ 2953.956284] arpseck: relay written for msg 342 in arp_process()
[ 2966.897569] arpseck: relay written for msg 343 in arp_process()
[ 2967.896236] arpseck: relay written for msg 344 in arp_process()
[ 2968.896178] arpseck: relay written for msg 345 in arp_process()
[ 2986.248446] arpseck: relay written for msg 346 in arp_process()
[ 2987.248270] arpseck: relay written for msg 347 in arp_process()
[ 2988.248274] arpseck: relay written for msg 348 in arp_process()
[ 3000.805284] arpseck: relay written for msg 349 in arp_process()
[ 3001.804268] arpseck: relay written for msg 350 in arp_process()
[ 3002.804179] arpseck: relay written for msg 351 in arp_process()
[ 3009.755984] arpseck: relay written for msg 352 in arp_process()
[ 3010.752361] arpseck: relay written for msg 353 in arp_process()
[ 3011.752220] arpseck: relay written for msg 354 in arp_process()
[ 3027.380572] arpseck: relay written for msg 355 in arp_process()
[ 3028.380269] arpseck: relay written for msg 356 in arp_process()
[ 3029.380258] arpseck: relay written for msg 357 in arp_process()
[ 3047.984269] arpseck: relay written for msg 358 in arp_process()
[ 3048.984301] arpseck: relay written for msg 359 in arp_process()
[ 3049.984211] arpseck: relay written for msg 360 in arp_process()
[ 3062.430396] arpseck: relay written for msg 361 in arp_process()
[ 3063.428257] arpseck: relay written for msg 362 in arp_process()
[ 3064.428349] arpseck: relay written for msg 363 in arp_process()
[ 3078.092598] arpseck: relay written for msg 364 in arp_process()
[ 3079.092302] arpseck: relay written for msg 365 in arp_process()
[ 3080.092357] arpseck: relay written for msg 366 in arp_process()
[ 3093.782764] arpseck: relay written for msg 367 in arp_process()
[ 3094.780276] arpseck: relay written for msg 368 in arp_process()
[ 3095.780275] arpseck: relay written for msg 369 in arp_process()
[ 3104.810571] arpseck: relay written for msg 370 in arp_process()
[ 3105.808388] arpseck: relay written for msg 371 in arp_process()
[ 3106.808368] arpseck: relay written for msg 372 in arp_process()
[ 3115.459161] arpseck: relay written for msg 373 in arp_process()
[ 3116.456325] arpseck: relay written for msg 374 in arp_process()
[ 3117.456269] arpseck: relay written for msg 375 in arp_process()
[ 3125.263138] arpseck: relay written for msg 376 in arp_process()
[ 3126.260299] arpseck: relay written for msg 377 in arp_process()
[ 3127.260351] arpseck: relay written for msg 378 in arp_process()
[ 3133.961541] arpseck: relay written for msg 379 in arp_process()
[ 3134.960302] arpseck: relay written for msg 380 in arp_process()
[ 3135.960271] arpseck: relay written for msg 381 in arp_process()
[ 3149.301514] arpseck: relay written for msg 382 in arp_process()
[ 3150.300303] arpseck: relay written for msg 383 in arp_process()
[ 3151.300300] arpseck: relay written for msg 384 in arp_process()
[ 3162.934563] arpseck: relay written for msg 385 in arp_process()
[ 3163.932244] arpseck: relay written for msg 386 in arp_process()
[ 3164.932288] arpseck: relay written for msg 387 in arp_process()
[ 3187.207247] arpseck: relay written for msg 388 in arp_process()
[ 3188.209254] arpseck: relay written for msg 389 in arp_process()
[ 3189.211189] arpseck: relay written for msg 390 in arp_process()
[ 3664.340329] arpseck: relay written for msg 391 in arp_process()
[ 3665.340260] arpseck: relay written for msg 392 in arp_process()
[ 3666.340256] arpseck: relay written for msg 393 in arp_process()
[ 3669.344347] arpseck: relay written for msg 394 in arp_process()
[ 3670.344241] arpseck: relay written for msg 395 in arp_process()
[ 3671.344300] arpseck: relay written for msg 396 in arp_process()
[ 3803.674127] arpseck: relay written for msg 397 in arp_process()
[ 3804.672358] arpseck: relay written for msg 398 in arp_process()
[ 3805.672300] arpseck: relay written for msg 399 in arp_process()
[ 3808.678395] arpseck: relay written for msg 400 in arp_process()
[ 3809.676335] arpseck: relay written for msg 401 in arp_process()
[ 3810.676338] arpseck: relay written for msg 402 in arp_process()
[ 3813.682556] arpseck: relay written for msg 403 in arp_process()
[ 3814.680325] arpseck: relay written for msg 404 in arp_process()
[ 3815.680311] arpseck: relay written for msg 405 in arp_process()
[ 3818.686748] arpseck: relay written for msg 406 in arp_process()
[ 3819.684309] arpseck: relay written for msg 407 in arp_process()
[ 3820.684320] arpseck: relay written for msg 408 in arp_process()
[ 3823.691263] arpseck: relay written for msg 409 in arp_process()
[ 3824.688304] arpseck: relay written for msg 410 in arp_process()
[ 3825.688268] arpseck: relay written for msg 411 in arp_process()
[ 3828.695421] arpseck: relay written for msg 412 in arp_process()
[ 3829.692230] arpseck: relay written for msg 413 in arp_process()
[ 3830.692335] arpseck: relay written for msg 414 in arp_process()
[ 3833.699592] arpseck: relay written for msg 415 in arp_process()
[ 3834.696325] arpseck: relay written for msg 416 in arp_process()
[ 3835.696302] arpseck: relay written for msg 417 in arp_process()
[ 3838.703762] arpseck: relay written for msg 418 in arp_process()
[ 3839.700298] arpseck: relay written for msg 419 in arp_process()
[ 3840.700320] arpseck: relay written for msg 420 in arp_process()
[ 3983.990970] arpseck: entering arpsec_nl_handler
[ 3983.990977] arpseck: netlink received msg opcode: 0
[ 3983.990980] arpseck: entering arpsec_nl_test
[ 3984.993624] arpseck: relay written for msg 421 in arp_process()
[ 3985.992178] arpseck: relay written for msg 422 in arp_process()
[ 3986.992281] arpseck: relay written for msg 423 in arp_process()
[ 3989.998816] arpseck: relay written for msg 424 in arp_process()
[ 3990.996273] arpseck: relay written for msg 425 in arp_process()
[ 3991.996258] arpseck: relay written for msg 426 in arp_process()
[ 3995.306862] arpseck: entering arpsec_nl_handler
[ 3995.306869] arpseck: netlink received msg opcode: 2
[ 3995.306872] arpseck: entering arpsec_nl_bind
[ 3995.306876] arpseck: arp_req_set failure with err [-22]
[ 3995.306880] arpseck: netlink processing failure
[ 3995.307685] arpseck: relay written for msg 427 in arp_process()
[ 3996.304281] arpseck: relay written for msg 428 in arp_process()
[ 3997.304401] arpseck: relay written for msg 429 in arp_process()
[ 4000.312920] arpseck: relay written for msg 430 in arp_process()
[ 4001.312307] arpseck: relay written for msg 431 in arp_process()
[ 4002.312326] arpseck: relay written for msg 432 in arp_process()
[ 4005.519373] arpseck: entering arpsec_nl_handler
[ 4005.519380] arpseck: netlink received msg opcode: 2
[ 4005.519383] arpseck: entering arpsec_nl_bind
[ 4005.519387] arpseck: arp_req_set failure with err [-22]
[ 4005.519391] arpseck: netlink processing failure
[ 4005.520172] arpseck: relay written for msg 433 in arp_process()
[ 4006.516319] arpseck: relay written for msg 434 in arp_process()
[ 4007.516262] arpseck: relay written for msg 435 in arp_process()
[ 4010.525455] arpseck: relay written for msg 436 in arp_process()
[ 4011.524284] arpseck: relay written for msg 437 in arp_process()
[ 4012.524315] arpseck: relay written for msg 438 in arp_process()
[ 4015.731816] arpseck: entering arpsec_nl_handler
[ 4015.731822] arpseck: netlink received msg opcode: 2
[ 4015.731826] arpseck: entering arpsec_nl_bind
[ 4015.731830] arpseck: arp_req_set failure with err [-22]
[ 4015.731834] arpseck: netlink processing failure
[ 4015.732747] arpseck: relay written for msg 439 in arp_process()
[ 4016.732290] arpseck: relay written for msg 440 in arp_process()
[ 4017.732301] arpseck: relay written for msg 441 in arp_process()
[ 4020.737924] arpseck: relay written for msg 442 in arp_process()
[ 4021.736279] arpseck: relay written for msg 443 in arp_process()
[ 4022.736212] arpseck: relay written for msg 444 in arp_process()
[ 4025.944182] arpseck: entering arpsec_nl_handler
[ 4025.944189] arpseck: netlink received msg opcode: 2
[ 4025.944192] arpseck: entering arpsec_nl_bind
[ 4025.944197] arpseck: arp_req_set failure with err [-22]
[ 4025.944201] arpseck: netlink processing failure
[ 4025.945019] arpseck: relay written for msg 445 in arp_process()
[ 4026.944266] arpseck: relay written for msg 446 in arp_process()
[ 4027.944349] arpseck: relay written for msg 447 in arp_process()
[ 4030.946452] arpseck: relay written for msg 448 in arp_process()
[ 4031.944395] arpseck: relay written for msg 449 in arp_process()
[ 4032.944223] arpseck: relay written for msg 450 in arp_process()
[ 4216.969389] arpseck: entering arpsec_nl_handler
[ 4216.969393] arpseck: netlink received msg opcode: 0
[ 4216.969394] arpseck: entering arpsec_nl_test
[ 4217.972067] arpseck: relay written for msg 451 in arp_process()
[ 4218.968315] arpseck: relay written for msg 452 in arp_process()
[ 4219.968328] arpseck: relay written for msg 453 in arp_process()
[ 4222.977226] arpseck: relay written for msg 454 in arp_process()
[ 4223.976259] arpseck: relay written for msg 455 in arp_process()
[ 4224.976334] arpseck: relay written for msg 456 in arp_process()
[ 4228.284973] arpseck: entering arpsec_nl_handler
[ 4228.284980] arpseck: netlink received msg opcode: 2
[ 4228.284983] arpseck: entering arpsec_nl_bind
[ 4228.284987] arpseck: arp_req_set failure with err [-22]
[ 4228.284992] arpseck: netlink processing failure
[ 4228.285786] arpseck: relay written for msg 457 in arp_process()
[ 4229.284284] arpseck: relay written for msg 458 in arp_process()
[ 4230.284238] arpseck: relay written for msg 459 in arp_process()
[ 4233.291050] arpseck: relay written for msg 460 in arp_process()
[ 4234.288283] arpseck: relay written for msg 461 in arp_process()
[ 4235.288300] arpseck: relay written for msg 462 in arp_process()
[ 4452.266411] arpseck: relay written for msg 463 in arp_process()
[ 4453.264285] arpseck: relay written for msg 464 in arp_process()
[ 4454.264222] arpseck: relay written for msg 465 in arp_process()
[ 4458.720449] arpseck: relay written for msg 466 in arp_process()
[ 4459.720252] arpseck: relay written for msg 467 in arp_process()
[ 4460.720239] arpseck: relay written for msg 468 in arp_process()
[ 4471.291199] arpseck: relay written for msg 469 in arp_process()
[ 4472.288257] arpseck: relay written for msg 470 in arp_process()
[ 4473.288308] arpseck: relay written for msg 471 in arp_process()
[ 4492.063449] arpseck: relay written for msg 472 in arp_process()
[ 4493.060310] arpseck: relay written for msg 473 in arp_process()
[ 4494.060296] arpseck: relay written for msg 474 in arp_process()
[ 4510.906446] arpseck: relay written for msg 475 in arp_process()
[ 4511.904271] arpseck: relay written for msg 476 in arp_process()
[ 4512.904235] arpseck: relay written for msg 477 in arp_process()
[ 4528.609228] arpseck: relay written for msg 478 in arp_process()
[ 4529.608279] arpseck: relay written for msg 479 in arp_process()
[ 4530.608249] arpseck: relay written for msg 480 in arp_process()
[ 4544.034441] arpseck: relay written for msg 481 in arp_process()
[ 4545.032299] arpseck: relay written for msg 482 in arp_process()
[ 4546.032292] arpseck: relay written for msg 483 in arp_process()
[ 4562.749694] arpseck: relay written for msg 484 in arp_process()
[ 4563.748251] arpseck: relay written for msg 485 in arp_process()
[ 4564.748343] arpseck: relay written for msg 486 in arp_process()
[ 4570.174820] arpseck: relay written for msg 487 in arp_process()
[ 4571.172330] arpseck: relay written for msg 488 in arp_process()
[ 4572.172275] arpseck: relay written for msg 489 in arp_process()
[ 4577.467623] arpseck: relay written for msg 490 in arp_process()
[ 4578.464280] arpseck: relay written for msg 491 in arp_process()
[ 4579.464294] arpseck: relay written for msg 492 in arp_process()
[ 4597.230595] arpseck: relay written for msg 493 in arp_process()
[ 4598.228267] arpseck: relay written for msg 494 in arp_process()
[ 4599.228316] arpseck: relay written for msg 495 in arp_process()
[ 4608.365874] arpseck: relay written for msg 496 in arp_process()
[ 4609.364229] arpseck: relay written for msg 497 in arp_process()
[ 4610.364279] arpseck: relay written for msg 498 in arp_process()
[ 4617.562133] arpseck: relay written for msg 499 in arp_process()
[ 4618.560265] arpseck: relay written for msg 500 in arp_process()
[ 4619.560290] arpseck: relay written for msg 501 in arp_process()
[ 4633.511397] arpseck: relay written for msg 502 in arp_process()
[ 4634.508223] arpseck: relay written for msg 503 in arp_process()
[ 4635.508315] arpseck: relay written for msg 504 in arp_process()
[ 4643.741770] arpseck: relay written for msg 505 in arp_process()
[ 4644.740300] arpseck: relay written for msg 506 in arp_process()
[ 4645.740296] arpseck: relay written for msg 507 in arp_process()
[ 4658.248023] arpseck: relay written for msg 508 in arp_process()
[ 4659.244394] arpseck: relay written for msg 509 in arp_process()
[ 4660.244316] arpseck: relay written for msg 510 in arp_process()
[ 4679.973614] arpseck: relay written for msg 511 in arp_process()
[ 4680.972316] arpseck: relay written for msg 512 in arp_process()
[ 4681.972364] arpseck: relay written for msg 513 in arp_process()
[ 4687.128224] arpseck: relay written for msg 514 in arp_process()
[ 4688.124267] arpseck: relay written for msg 515 in arp_process()
[ 4689.124268] arpseck: relay written for msg 516 in arp_process()
[ 4700.819350] arpseck: relay written for msg 517 in arp_process()
[ 4701.816300] arpseck: relay written for msg 518 in arp_process()
[ 4702.816347] arpseck: relay written for msg 519 in arp_process()
[ 4713.891303] arpseck: relay written for msg 520 in arp_process()
[ 4714.888315] arpseck: relay written for msg 521 in arp_process()
[ 4715.888346] arpseck: relay written for msg 522 in arp_process()
[ 4727.631914] arpseck: relay written for msg 523 in arp_process()
[ 4728.628266] arpseck: relay written for msg 524 in arp_process()
[ 4729.628344] arpseck: relay written for msg 525 in arp_process()
[ 4743.699480] arpseck: relay written for msg 526 in arp_process()
[ 4744.696266] arpseck: relay written for msg 527 in arp_process()
[ 4745.696239] arpseck: relay written for msg 528 in arp_process()
[ 4754.049356] arpseck: relay written for msg 529 in arp_process()
[ 4755.048337] arpseck: relay written for msg 530 in arp_process()
[ 4756.048357] arpseck: relay written for msg 531 in arp_process()
[ 4761.658026] arpseck: relay written for msg 532 in arp_process()
[ 4762.656265] arpseck: relay written for msg 533 in arp_process()
[ 4763.656325] arpseck: relay written for msg 534 in arp_process()
[ 4774.493195] arpseck: relay written for msg 535 in arp_process()
[ 4775.492297] arpseck: relay written for msg 536 in arp_process()
[ 4776.492266] arpseck: relay written for msg 537 in arp_process()
[ 4786.717855] arpseck: relay written for msg 538 in arp_process()
[ 4787.716260] arpseck: relay written for msg 539 in arp_process()
[ 4788.716267] arpseck: relay written for msg 540 in arp_process()
[ 4805.935396] arpseck: relay written for msg 541 in arp_process()
[ 4806.932276] arpseck: relay written for msg 542 in arp_process()
[ 4807.932299] arpseck: relay written for msg 543 in arp_process()
[ 4824.380441] arpseck: relay written for msg 544 in arp_process()
[ 4825.380255] arpseck: relay written for msg 545 in arp_process()
[ 4826.380262] arpseck: relay written for msg 546 in arp_process()
[ 4844.480476] arpseck: relay written for msg 547 in arp_process()
[ 4845.480322] arpseck: relay written for msg 548 in arp_process()
[ 4846.480363] arpseck: relay written for msg 549 in arp_process()
[ 4865.948967] arpseck: relay written for msg 550 in arp_process()
[ 4866.948266] arpseck: relay written for msg 551 in arp_process()
[ 4867.948251] arpseck: relay written for msg 552 in arp_process()
[ 4879.284375] arpseck: relay written for msg 553 in arp_process()
[ 4880.284266] arpseck: relay written for msg 554 in arp_process()
[ 4881.284350] arpseck: relay written for msg 555 in arp_process()
[ 4898.022267] arpseck: relay written for msg 556 in arp_process()
[ 4899.020237] arpseck: relay written for msg 557 in arp_process()
[ 4900.020197] arpseck: relay written for msg 558 in arp_process()
[ 4913.045631] arpseck: relay written for msg 559 in arp_process()
[ 4914.044260] arpseck: relay written for msg 560 in arp_process()
[ 4915.044255] arpseck: relay written for msg 561 in arp_process()
[ 4931.061523] arpseck: relay written for msg 562 in arp_process()
[ 4932.060217] arpseck: relay written for msg 563 in arp_process()
[ 4933.060217] arpseck: relay written for msg 564 in arp_process()
[ 4946.846999] arpseck: relay written for msg 565 in arp_process()
[ 4947.844219] arpseck: relay written for msg 566 in arp_process()
[ 4948.844270] arpseck: relay written for msg 567 in arp_process()
[ 4959.664953] arpseck: relay written for msg 568 in arp_process()
[ 4960.664308] arpseck: relay written for msg 569 in arp_process()
[ 4961.664257] arpseck: relay written for msg 570 in arp_process()
[ 4973.753589] arpseck: relay written for msg 571 in arp_process()
[ 4974.752273] arpseck: relay written for msg 572 in arp_process()
[ 4975.752300] arpseck: relay written for msg 573 in arp_process()
[ 4984.051495] arpseck: relay written for msg 574 in arp_process()
[ 4985.048320] arpseck: relay written for msg 575 in arp_process()
[ 4986.048256] arpseck: relay written for msg 576 in arp_process()
[ 4992.476118] arpseck: relay written for msg 577 in arp_process()
[ 4993.472350] arpseck: relay written for msg 578 in arp_process()
[ 4994.472271] arpseck: relay written for msg 579 in arp_process()
[ 5000.308068] arpseck: relay written for msg 580 in arp_process()
[ 5001.304349] arpseck: relay written for msg 581 in arp_process()
[ 5002.304291] arpseck: relay written for msg 582 in arp_process()
[ 5011.041284] arpseck: relay written for msg 583 in arp_process()
[ 5012.040303] arpseck: relay written for msg 584 in arp_process()
[ 5013.040330] arpseck: relay written for msg 585 in arp_process()
[ 5027.295160] arpseck: relay written for msg 586 in arp_process()
[ 5028.292313] arpseck: relay written for msg 587 in arp_process()
[ 5029.292377] arpseck: relay written for msg 588 in arp_process()
[ 5038.270618] arpseck: relay written for msg 589 in arp_process()
[ 5039.268322] arpseck: relay written for msg 590 in arp_process()
[ 5040.268363] arpseck: relay written for msg 591 in arp_process()
[ 5050.803650] arpseck: relay written for msg 592 in arp_process()
[ 5051.800328] arpseck: relay written for msg 593 in arp_process()
[ 5052.800401] arpseck: relay written for msg 594 in arp_process()
[ 5062.173367] arpseck: relay written for msg 595 in arp_process()
[ 5063.172298] arpseck: relay written for msg 596 in arp_process()
[ 5064.172288] arpseck: relay written for msg 597 in arp_process()
[ 5079.694469] arpseck: relay written for msg 598 in arp_process()
[ 5080.692296] arpseck: relay written for msg 599 in arp_process()
[ 5081.692219] arpseck: relay written for msg 600 in arp_process()
[ 5097.469232] arpseck: relay written for msg 601 in arp_process()
[ 5098.468280] arpseck: relay written for msg 602 in arp_process()
[ 5099.468268] arpseck: relay written for msg 603 in arp_process()
[ 5113.062181] arpseck: relay written for msg 604 in arp_process()
[ 5114.060304] arpseck: relay written for msg 605 in arp_process()
[ 5115.060290] arpseck: relay written for msg 606 in arp_process()
[ 5129.027638] arpseck: relay written for msg 607 in arp_process()
[ 5130.024320] arpseck: relay written for msg 608 in arp_process()
[ 5131.024335] arpseck: relay written for msg 609 in arp_process()
[ 5140.000812] arpseck: relay written for msg 610 in arp_process()
[ 5141.000300] arpseck: relay written for msg 611 in arp_process()
[ 5142.000275] arpseck: relay written for msg 612 in arp_process()
[ 5146.790439] arpseck: relay written for msg 613 in arp_process()
[ 5147.788259] arpseck: relay written for msg 614 in arp_process()
[ 5148.788281] arpseck: relay written for msg 615 in arp_process()
[ 5155.866194] arpseck: relay written for msg 616 in arp_process()
[ 5156.864288] arpseck: relay written for msg 617 in arp_process()
[ 5157.864350] arpseck: relay written for msg 618 in arp_process()
[ 5162.150613] arpseck: relay written for msg 619 in arp_process()
[ 5163.148357] arpseck: relay written for msg 620 in arp_process()
[ 5164.148301] arpseck: relay written for msg 621 in arp_process()
[ 5172.777982] arpseck: relay written for msg 622 in arp_process()
[ 5173.776315] arpseck: relay written for msg 623 in arp_process()
[ 5174.776314] arpseck: relay written for msg 624 in arp_process()
[ 5192.651724] arpseck: relay written for msg 625 in arp_process()
[ 5193.648368] arpseck: relay written for msg 626 in arp_process()
[ 5194.648277] arpseck: relay written for msg 627 in arp_process()
[ 5199.278319] arpseck: relay written for msg 628 in arp_process()
[ 5200.276337] arpseck: relay written for msg 629 in arp_process()
[ 5201.276306] arpseck: relay written for msg 630 in arp_process()
[ 5214.490569] arpseck: relay written for msg 631 in arp_process()
[ 5215.488212] arpseck: relay written for msg 632 in arp_process()
[ 5216.488142] arpseck: relay written for msg 633 in arp_process()
[ 5226.224050] arpseck: relay written for msg 634 in arp_process()
[ 5227.220304] arpseck: relay written for msg 635 in arp_process()
[ 5228.220301] arpseck: relay written for msg 636 in arp_process()
[ 5233.189168] arpseck: relay written for msg 637 in arp_process()
[ 5234.188280] arpseck: relay written for msg 638 in arp_process()
[ 5235.188269] arpseck: relay written for msg 639 in arp_process()
[ 5240.354938] arpseck: relay written for msg 640 in arp_process()
[ 5241.352329] arpseck: relay written for msg 641 in arp_process()
[ 5242.352248] arpseck: relay written for msg 642 in arp_process()
[ 5259.333887] arpseck: relay written for msg 643 in arp_process()
[ 5260.332261] arpseck: relay written for msg 644 in arp_process()
[ 5261.332247] arpseck: relay written for msg 645 in arp_process()
[ 5278.094823] arpseck: relay written for msg 646 in arp_process()
[ 5279.092380] arpseck: relay written for msg 647 in arp_process()
[ 5280.092312] arpseck: relay written for msg 648 in arp_process()
[ 5297.446299] arpseck: relay written for msg 649 in arp_process()
[ 5298.444240] arpseck: relay written for msg 650 in arp_process()
[ 5299.444319] arpseck: relay written for msg 651 in arp_process()
[ 5317.084749] arpseck: relay written for msg 652 in arp_process()
[ 5318.084290] arpseck: relay written for msg 653 in arp_process()
[ 5319.084312] arpseck: relay written for msg 654 in arp_process()
[ 5338.831557] arpseck: relay written for msg 655 in arp_process()
[ 5339.828248] arpseck: relay written for msg 656 in arp_process()
[ 5340.828284] arpseck: relay written for msg 657 in arp_process()
[ 5358.955530] arpseck: relay written for msg 658 in arp_process()
[ 5359.952328] arpseck: relay written for msg 659 in arp_process()
[ 5360.952254] arpseck: relay written for msg 660 in arp_process()
[ 5376.201768] arpseck: relay written for msg 661 in arp_process()
[ 5377.200282] arpseck: relay written for msg 662 in arp_process()
[ 5378.200287] arpseck: relay written for msg 663 in arp_process()
[ 5385.282735] arpseck: relay written for msg 664 in arp_process()
[ 5386.280302] arpseck: relay written for msg 665 in arp_process()
[ 5387.280312] arpseck: relay written for msg 666 in arp_process()
[ 5405.622439] arpseck: relay written for msg 667 in arp_process()
[ 5406.620259] arpseck: relay written for msg 668 in arp_process()
[ 5407.620317] arpseck: relay written for msg 669 in arp_process()
[ 5423.965428] arpseck: relay written for msg 670 in arp_process()
[ 5424.964279] arpseck: relay written for msg 671 in arp_process()
[ 5425.964261] arpseck: relay written for msg 672 in arp_process()
[ 5433.499523] arpseck: relay written for msg 673 in arp_process()
[ 5434.496281] arpseck: relay written for msg 674 in arp_process()
[ 5435.496317] arpseck: relay written for msg 675 in arp_process()
[ 5445.280323] arpseck: relay written for msg 676 in arp_process()
[ 5446.280344] arpseck: relay written for msg 677 in arp_process()
[ 5447.280290] arpseck: relay written for msg 678 in arp_process()
[ 5455.849942] arpseck: relay written for msg 679 in arp_process()
[ 5456.848232] arpseck: relay written for msg 680 in arp_process()
[ 5457.848235] arpseck: relay written for msg 681 in arp_process()
[ 5464.340763] arpseck: relay written for msg 682 in arp_process()
[ 5465.340361] arpseck: relay written for msg 683 in arp_process()
[ 5466.340265] arpseck: relay written for msg 684 in arp_process()
[ 5469.345859] arpseck: relay written for msg 685 in arp_process()
[ 5470.344289] arpseck: relay written for msg 686 in arp_process()
[ 5471.344324] arpseck: relay written for msg 687 in arp_process()
[ 5480.341866] arpseck: relay written for msg 688 in arp_process()
[ 5481.340314] arpseck: relay written for msg 689 in arp_process()
[ 5482.340311] arpseck: relay written for msg 690 in arp_process()
[ 5492.263122] arpseck: relay written for msg 691 in arp_process()
[ 5493.260297] arpseck: relay written for msg 692 in arp_process()
[ 5494.260320] arpseck: relay written for msg 693 in arp_process()
[ 5505.045848] arpseck: relay written for msg 694 in arp_process()
[ 5506.044317] arpseck: relay written for msg 695 in arp_process()
[ 5507.044325] arpseck: relay written for msg 696 in arp_process()
[ 5515.278111] arpseck: relay written for msg 697 in arp_process()
[ 5516.276267] arpseck: relay written for msg 698 in arp_process()
[ 5517.276255] arpseck: relay written for msg 699 in arp_process()
[ 5526.703716] arpseck: relay written for msg 700 in arp_process()
[ 5527.700260] arpseck: relay written for msg 701 in arp_process()
[ 5528.700287] arpseck: relay written for msg 702 in arp_process()
[ 5539.289168] arpseck: relay written for msg 703 in arp_process()
[ 5540.288296] arpseck: relay written for msg 704 in arp_process()
[ 5541.288319] arpseck: relay written for msg 705 in arp_process()
[ 5553.539259] arpseck: relay written for msg 706 in arp_process()
[ 5554.536268] arpseck: relay written for msg 707 in arp_process()
[ 5555.536318] arpseck: relay written for msg 708 in arp_process()
[ 5569.888304] arpseck: relay written for msg 709 in arp_process()
[ 5570.888271] arpseck: relay written for msg 710 in arp_process()
[ 5571.888268] arpseck: relay written for msg 711 in arp_process()
[ 5586.938989] arpseck: relay written for msg 712 in arp_process()
[ 5587.936312] arpseck: relay written for msg 713 in arp_process()
[ 5588.936295] arpseck: relay written for msg 714 in arp_process()
[ 5598.528626] arpseck: relay written for msg 715 in arp_process()
[ 5599.528270] arpseck: relay written for msg 716 in arp_process()
[ 5600.528268] arpseck: relay written for msg 717 in arp_process()
[ 5617.448213] arpseck: relay written for msg 718 in arp_process()
[ 5618.444260] arpseck: relay written for msg 719 in arp_process()
[ 5619.444376] arpseck: relay written for msg 720 in arp_process()
[ 5625.206651] arpseck: relay written for msg 721 in arp_process()
[ 5626.204311] arpseck: relay written for msg 722 in arp_process()
[ 5627.204341] arpseck: relay written for msg 723 in arp_process()
[ 5635.281033] arpseck: relay written for msg 724 in arp_process()
[ 5636.280277] arpseck: relay written for msg 725 in arp_process()
[ 5637.280302] arpseck: relay written for msg 726 in arp_process()
[ 5652.336668] arpseck: relay written for msg 727 in arp_process()
[ 5653.336349] arpseck: relay written for msg 728 in arp_process()
[ 5654.336325] arpseck: relay written for msg 729 in arp_process()
[ 5660.627219] arpseck: relay written for msg 730 in arp_process()
[ 5661.624304] arpseck: relay written for msg 731 in arp_process()
[ 5662.624330] arpseck: relay written for msg 732 in arp_process()
[ 5672.332341] arpseck: relay written for msg 733 in arp_process()
[ 5673.332365] arpseck: relay written for msg 734 in arp_process()
[ 5674.332295] arpseck: relay written for msg 735 in arp_process()
[ 5691.109726] arpseck: relay written for msg 736 in arp_process()
[ 5692.108217] arpseck: relay written for msg 737 in arp_process()
[ 5693.108259] arpseck: relay written for msg 738 in arp_process()
[ 5703.605748] arpseck: relay written for msg 739 in arp_process()
[ 5704.604343] arpseck: relay written for msg 740 in arp_process()
[ 5705.604334] arpseck: relay written for msg 741 in arp_process()
[ 5710.966038] arpseck: relay written for msg 742 in arp_process()
[ 5711.964256] arpseck: relay written for msg 743 in arp_process()
[ 5712.964320] arpseck: relay written for msg 744 in arp_process()
[ 5719.915142] arpseck: relay written for msg 745 in arp_process()
[ 5720.912280] arpseck: relay written for msg 746 in arp_process()
[ 5721.912285] arpseck: relay written for msg 747 in arp_process()
[ 5727.663716] arpseck: relay written for msg 748 in arp_process()
[ 5728.660351] arpseck: relay written for msg 749 in arp_process()
[ 5729.660286] arpseck: relay written for msg 750 in arp_process()
[ 5742.574934] arpseck: relay written for msg 751 in arp_process()
[ 5743.572294] arpseck: relay written for msg 752 in arp_process()
[ 5744.572264] arpseck: relay written for msg 753 in arp_process()
[ 5763.458822] arpseck: relay written for msg 754 in arp_process()
[ 5764.456300] arpseck: relay written for msg 755 in arp_process()
[ 5765.456313] arpseck: relay written for msg 756 in arp_process()
[ 5772.211268] arpseck: relay written for msg 757 in arp_process()
[ 5773.208297] arpseck: relay written for msg 758 in arp_process()
[ 5774.208228] arpseck: relay written for msg 759 in arp_process()
[ 5790.517522] arpseck: relay written for msg 760 in arp_process()
[ 5791.516301] arpseck: relay written for msg 761 in arp_process()
[ 5792.516262] arpseck: relay written for msg 762 in arp_process()
[ 5810.115238] arpseck: relay written for msg 763 in arp_process()
[ 5811.112282] arpseck: relay written for msg 764 in arp_process()
[ 5812.112357] arpseck: relay written for msg 765 in arp_process()
[ 5821.098207] arpseck: relay written for msg 766 in arp_process()
[ 5822.096236] arpseck: relay written for msg 767 in arp_process()
[ 5823.096370] arpseck: relay written for msg 768 in arp_process()
[ 5841.903188] arpseck: relay written for msg 769 in arp_process()
[ 5842.900265] arpseck: relay written for msg 770 in arp_process()
[ 5843.900273] arpseck: relay written for msg 771 in arp_process()
[ 5858.480936] arpseck: relay written for msg 772 in arp_process()
[ 5859.480249] arpseck: relay written for msg 773 in arp_process()
[ 5860.480261] arpseck: relay written for msg 774 in arp_process()
